help.are
universe.are
limbo.are
templearea.are
drazuni.are
drazville.are
eldforest.are
hchurch.are
southroad.are
mtpass.are
bladegrass.are
koboldcav.are
talondes.are
glitcave.are
greenpath.are
elenolos.are
sea.are
eareska.are
bubblebog.are
tyrybblyn.are
underhill.are
spidforest.are
coralreef.are
plainsroad.are
boulderpass.are
ugrove.are
flowergarden.are
huntground.are
toadstool.are
ironholde.are
trialspain.are
clouds.are
smokecaves.are
ihmines.are
eastoasis.are
deepjungle.are
thornthiket.are
fangtemple.are
flayercaves.are
towermanos.are
laststand.are
srilaxa.are
ancient.are
jellyfish.are
desertercamp.are
easterncorridor.are
sahardin.are
troll.are
opiumroad.are
bazabel.are
ageless.are
fort.are
kinter.are
sorrow.are
bear.are
chicken.are
ogrecamp.are
fellowship.are
campraid.are
woodlandroute.are
fvalley.are
bitterpass.are
learei.are
opiumfields.are
silver.are
ihra.are
celestial.are
templar.are
ships.are
wulftuuf.are
niralis.are
spearfangroad.are
bullhornroad.are
junglepath.are
tenhicoal.are
h-unki.are
farmmarket.are
daira.are
gallery.are
darkheart.are
lakemotuco.are
Tampaqui.are
antcolony.are
beehive.are
Elysium.are
templeofdrazuk.are
renegades.are
$

